// Jest Snapshot v1, https://goo.gl/fbAQLP

exports[`Prettier test Should return prettier config values 1`] = `
{
  "arrowParens": "always",
  "bracketSameLine": false,
  "bracketSpacing": true,
  "endOfLine": "auto",
  "jsxSingleQuote": true,
  "printWidth": 100,
  "proseWrap": "always",
  "quoteProps": "as-needed",
  "semi": true,
  "singleQuote": true,
  "tabWidth": 2,
  "trailingComma": "all",
  "useTabs": false,
}
`;
